// Jest Snapshot v1, https://goo.gl/fbAQLP

exports[`Pruebas en <fIRSTAPP></fIRSTAPP>  debe hacer match con el snapshot 1`] = `
<div>
  <h1
    data-testid="test-title"
  >
    hola ,soy goku
  </h1>
  <p>
     
    no hay substitulo
     
  </p>
  <p>
     
    no hay substitulo
     
  </p>
  <p>
     
    soy un cacahuate
     
  </p>
</div>
`;
